// Jest Snapshot v1, https://goo.gl/fbAQLP

exports[`bar.js should render correct contents 1`] = `
<div
  style="position: relative; -webkit-user-select: none;"
  unselectable="on"
>
  <svg
    buffered-rendering="dynamic"
    height="400"
    style="font-family:arial,Tahoma,verdana,classic;background:#fff"
    width="600"
  >
    <g
      transform="translate(0.5,0.5)"
    >
      <defs>
        <clippath
          id="axis-clip-id"
        >
          <rect
            height="300"
            width="500"
            x="0"
            y="0"
          />
        </clippath>
        <clippath
          id="axis-clip-rect-id"
        >
          <rect
            height="300"
            width="500"
            x="0"
            y="0"
          />
        </clippath>
      </defs>
      <rect
        fill="#fff"
        fill-opacity="0"
        height="300"
        rx="0"
        ry="0"
        stroke="#fff"
        stroke-width="0"
        transform="translate(50,50)"
        width="500"
        x="0"
        y="0"
      />
      <g
        class="grid-block"
        transform="translate(50,350)"
      >
        <g
          transform="translate(0,0)"
        >
          <line
            stroke="#bfbfbf"
            stroke-dasharray="none"
            stroke-opacity="1"
            stroke-width="1.5"
            x1="0"
            x2="0"
            y1="0"
            y2="3"
          />
          <text
            dy="3.6666666666666665"
            fill="#333"
            font-size="11"
            font-weight="normal"
            text-anchor="middle"
            transform="rotate(0 62.5,13)"
            x="62.5"
            y="13"
          >
            1Q
          </text>
        </g>
        <g
          transform="translate(125,0)"
        >
          <line
            stroke="#bfbfbf"
            stroke-dasharray="none"
            stroke-opacity="1"
            stroke-width="1.5"
            x1="0"
            x2="0"
            y1="0"
            y2="3"
          />
          <line
            stroke="#ebebeb"
            stroke-dasharray="none"
            stroke-opacity="1"
            stroke-width="1"
            x1="0"
            x2="0"
            y1="0"
            y2="-300"
          />
          <text
            dy="3.6666666666666665"
            fill="#333"
            font-size="11"
            font-weight="normal"
            text-anchor="middle"
            transform="rotate(0 62.5,13)"
            x="62.5"
            y="13"
          >
            2Q
          </text>
        </g>
        <g
          transform="translate(250,0)"
        >
          <line
            stroke="#bfbfbf"
            stroke-dasharray="none"
            stroke-opacity="1"
            stroke-width="1.5"
            x1="0"
            x2="0"
            y1="0"
            y2="3"
          />
          <line
            stroke="#ebebeb"
            stroke-dasharray="none"
            stroke-opacity="1"
            stroke-width="1"
            x1="0"
            x2="0"
            y1="0"
            y2="-300"
          />
          <text
            dy="3.6666666666666665"
            fill="#333"
            font-size="11"
            font-weight="normal"
            text-anchor="middle"
            transform="rotate(0 62.5,13)"
            x="62.5"
            y="13"
          >
            3Q
          </text>
        </g>
        <g
          transform="translate(375,0)"
        >
          <line
            stroke="#bfbfbf"
            stroke-dasharray="none"
            stroke-opacity="1"
            stroke-width="1.5"
            x1="0"
            x2="0"
            y1="0"
            y2="3"
          />
          <line
            stroke="#ebebeb"
            stroke-dasharray="none"
            stroke-opacity="1"
            stroke-width="1"
            x1="0"
            x2="0"
            y1="0"
            y2="-300"
          />
          <text
            dy="3.6666666666666665"
            fill="#333"
            font-size="11"
            font-weight="normal"
            text-anchor="middle"
            transform="rotate(0 62.5,13)"
            x="62.5"
            y="13"
          >
            4Q
          </text>
        </g>
        <line
          stroke="#bfbfbf"
          stroke-opacity="1"
          stroke-width="2"
          x1="0"
          x2="500"
          y1="0"
          y2="0"
        />
        <g
          transform="translate(500,0)"
        >
          <line
            stroke="#bfbfbf"
            stroke-dasharray="none"
            stroke-opacity="1"
            stroke-width="1.5"
            x1="0"
            x2="0"
            y1="0"
            y2="3"
          />
          <line
            stroke="#ebebeb"
            stroke-dasharray="none"
            stroke-opacity="1"
            stroke-width="1"
            x1="0"
            x2="0"
            y1="0"
            y2="-300"
          />
        </g>
      </g>
      <g
        transform="translate(50,50)"
      />
      <g
        class="grid-range"
        transform="translate(50,50)"
      >
        <g
          transform="translate(0,0)"
        >
          <line
            stroke="#bfbfbf"
            stroke-dasharray="none"
            stroke-opacity="1"
            stroke-width="1.5"
            x1="0"
            x2="-3"
            y1="0"
            y2="0"
          />
          <line
            stroke="#ebebeb"
            stroke-dasharray="none"
            stroke-opacity="1"
            stroke-width="1"
            x1="0"
            x2="500"
            y1="0"
            y2="0"
          />
          <text
            dy="3.6666666666666665"
            fill="#333"
            font-size="11"
            font-weight="normal"
            text-anchor="end"
            transform="rotate(0 -8,0)"
            x="-8"
            y="0"
          >
            50
          </text>
        </g>
        <g
          transform="translate(0,30)"
        >
          <line
            stroke="#bfbfbf"
            stroke-dasharray="none"
            stroke-opacity="1"
            stroke-width="1.5"
            x1="0"
            x2="-3"
            y1="0"
            y2="0"
          />
          <line
            stroke="#ebebeb"
            stroke-dasharray="none"
            stroke-opacity="1"
            stroke-width="1"
            x1="0"
            x2="500"
            y1="0"
            y2="0"
          />
          <text
            dy="3.6666666666666665"
            fill="#333"
            font-size="11"
            font-weight="normal"
            text-anchor="end"
            transform="rotate(0 -8,0)"
            x="-8"
            y="0"
          >
            45
          </text>
        </g>
        <g
          transform="translate(0,60)"
        >
          <line
            stroke="#bfbfbf"
            stroke-dasharray="none"
            stroke-opacity="1"
            stroke-width="1.5"
            x1="0"
            x2="-3"
            y1="0"
            y2="0"
          />
          <line
            stroke="#ebebeb"
            stroke-dasharray="none"
            stroke-opacity="1"
            stroke-width="1"
            x1="0"
            x2="500"
            y1="0"
            y2="0"
          />
          <text
            dy="3.6666666666666665"
            fill="#333"
            font-size="11"
            font-weight="normal"
            text-anchor="end"
            transform="rotate(0 -8,0)"
            x="-8"
            y="0"
          >
            40
          </text>
        </g>
        <g
          transform="translate(0,90)"
        >
          <line
            stroke="#bfbfbf"
            stroke-dasharray="none"
            stroke-opacity="1"
            stroke-width="1.5"
            x1="0"
            x2="-3"
            y1="0"
            y2="0"
          />
          <line
            stroke="#ebebeb"
            stroke-dasharray="none"
            stroke-opacity="1"
            stroke-width="1"
            x1="0"
            x2="500"
            y1="0"
            y2="0"
          />
          <text
            dy="3.6666666666666665"
            fill="#333"
            font-size="11"
            font-weight="normal"
            text-anchor="end"
            transform="rotate(0 -8,0)"
            x="-8"
            y="0"
          >
            35
          </text>
        </g>
        <g
          transform="translate(0,120)"
        >
          <line
            stroke="#bfbfbf"
            stroke-dasharray="none"
            stroke-opacity="1"
            stroke-width="1.5"
            x1="0"
            x2="-3"
            y1="0"
            y2="0"
          />
          <line
            stroke="#ebebeb"
            stroke-dasharray="none"
            stroke-opacity="1"
            stroke-width="1"
            x1="0"
            x2="500"
            y1="0"
            y2="0"
          />
          <text
            dy="3.6666666666666665"
            fill="#333"
            font-size="11"
            font-weight="normal"
            text-anchor="end"
            transform="rotate(0 -8,0)"
            x="-8"
            y="0"
          >
            30
          </text>
        </g>
        <g
          transform="translate(0,150)"
        >
          <line
            stroke="#bfbfbf"
            stroke-dasharray="none"
            stroke-opacity="1"
            stroke-width="1.5"
            x1="0"
            x2="-3"
            y1="0"
            y2="0"
          />
          <line
            stroke="#ebebeb"
            stroke-dasharray="none"
            stroke-opacity="1"
            stroke-width="1"
            x1="0"
            x2="500"
            y1="0"
            y2="0"
          />
          <text
            dy="3.6666666666666665"
            fill="#333"
            font-size="11"
            font-weight="normal"
            text-anchor="end"
            transform="rotate(0 -8,0)"
            x="-8"
            y="0"
          >
            25
          </text>
        </g>
        <g
          transform="translate(0,180)"
        >
          <line
            stroke="#bfbfbf"
            stroke-dasharray="none"
            stroke-opacity="1"
            stroke-width="1.5"
            x1="0"
            x2="-3"
            y1="0"
            y2="0"
          />
          <line
            stroke="#ebebeb"
            stroke-dasharray="none"
            stroke-opacity="1"
            stroke-width="1"
            x1="0"
            x2="500"
            y1="0"
            y2="0"
          />
          <text
            dy="3.6666666666666665"
            fill="#333"
            font-size="11"
            font-weight="normal"
            text-anchor="end"
            transform="rotate(0 -8,0)"
            x="-8"
            y="0"
          >
            20
          </text>
        </g>
        <g
          transform="translate(0,210)"
        >
          <line
            stroke="#bfbfbf"
            stroke-dasharray="none"
            stroke-opacity="1"
            stroke-width="1.5"
            x1="0"
            x2="-3"
            y1="0"
            y2="0"
          />
          <line
            stroke="#ebebeb"
            stroke-dasharray="none"
            stroke-opacity="1"
            stroke-width="1"
            x1="0"
            x2="500"
            y1="0"
            y2="0"
          />
          <text
            dy="3.6666666666666665"
            fill="#333"
            font-size="11"
            font-weight="normal"
            text-anchor="end"
            transform="rotate(0 -8,0)"
            x="-8"
            y="0"
          >
            15
          </text>
        </g>
        <g
          transform="translate(0,240)"
        >
          <line
            stroke="#bfbfbf"
            stroke-dasharray="none"
            stroke-opacity="1"
            stroke-width="1.5"
            x1="0"
            x2="-3"
            y1="0"
            y2="0"
          />
          <line
            stroke="#ebebeb"
            stroke-dasharray="none"
            stroke-opacity="1"
            stroke-width="1"
            x1="0"
            x2="500"
            y1="0"
            y2="0"
          />
          <text
            dy="3.6666666666666665"
            fill="#333"
            font-size="11"
            font-weight="normal"
            text-anchor="end"
            transform="rotate(0 -8,0)"
            x="-8"
            y="0"
          >
            10
          </text>
        </g>
        <g
          transform="translate(0,270)"
        >
          <line
            stroke="#bfbfbf"
            stroke-dasharray="none"
            stroke-opacity="1"
            stroke-width="1.5"
            x1="0"
            x2="-3"
            y1="0"
            y2="0"
          />
          <line
            stroke="#ebebeb"
            stroke-dasharray="none"
            stroke-opacity="1"
            stroke-width="1"
            x1="0"
            x2="500"
            y1="0"
            y2="0"
          />
          <text
            dy="3.6666666666666665"
            fill="#333"
            font-size="11"
            font-weight="normal"
            text-anchor="end"
            transform="rotate(0 -8,0)"
            x="-8"
            y="0"
          >
            5
          </text>
        </g>
        <g
          transform="translate(0,300)"
        >
          <line
            stroke="#bfbfbf"
            stroke-dasharray="none"
            stroke-opacity="1"
            stroke-width="1.5"
            x1="0"
            x2="-3"
            y1="0"
            y2="0"
          />
          <text
            dy="3.6666666666666665"
            fill="#333"
            font-size="11"
            font-weight="normal"
            text-anchor="end"
            transform="rotate(0 -8,0)"
            x="-8"
            y="0"
          >
            0
          </text>
        </g>
        <line
          stroke="#bfbfbf"
          stroke-opacity="1"
          stroke-width="2"
          x1="0"
          x2="0"
          y1="0"
          y2="300"
        />
      </g>
      <g
        transform="translate(50,50)"
      />
      <g
        class="grid-panel"
        display="none"
        transform="translate(50,50)"
      >
        <rect
          fill="transparent"
          height="300"
          stroke="transparent"
          width="500"
          x="0"
          y="0"
        />
      </g>
      <g
        class="brush-column"
        transform="translate(50,50)"
      >
        <path
          d="M0,3 A3,3 0 0,1 3,0 H36.666666666666664 A3,3 0 0,1 39.666666666666664,3 V60 A0,0 0 0,1 39.666666666666664,60 H0 A0,0 0 0,1 0,60 Z"
          fill="#7977C2"
          height="60"
          stroke="none"
          stroke-opacity="0"
          stroke-width="0"
          transform="translate(2,240)"
          width="39.666666666666664"
        />
        <path
          d="M0,3 A3,3 0 0,1 3,0 H36.666666666666664 A3,3 0 0,1 39.666666666666664,3 V240 A0,0 0 0,1 39.666666666666664,240 H0 A0,0 0 0,1 0,240 Z"
          fill="#7BBAE7"
          height="240"
          stroke="none"
          stroke-opacity="0"
          stroke-width="0"
          transform="translate(42.666666666666664,60)"
          width="39.666666666666664"
        />
        <path
          d="M0,3 A3,3 0 0,1 3,0 H36.666666666666664 A3,3 0 0,1 39.666666666666664,3 V180 A0,0 0 0,1 39.666666666666664,180 H0 A0,0 0 0,1 0,180 Z"
          fill="#FFC000"
          height="180"
          stroke="none"
          stroke-opacity="0"
          stroke-width="0"
          transform="translate(83.33333333333333,120)"
          width="39.666666666666664"
        />
        <path
          d="M0,3 A3,3 0 0,1 3,0 H36.666666666666664 A3,3 0 0,1 39.666666666666664,3 V30 A0,0 0 0,1 39.666666666666664,30 H0 A0,0 0 0,1 0,30 Z"
          fill="#7977C2"
          height="30"
          stroke="none"
          stroke-opacity="0"
          stroke-width="0"
          transform="translate(127,270)"
          width="39.666666666666664"
        />
        <path
          d="M0,3 A3,3 0 0,1 3,0 H36.666666666666664 A3,3 0 0,1 39.666666666666664,3 V60 A0,0 0 0,1 39.666666666666664,60 H0 A0,0 0 0,1 0,60 Z"
          fill="#7BBAE7"
          height="60"
          stroke="none"
          stroke-opacity="0"
          stroke-width="0"
          transform="translate(167.66666666666666,240)"
          width="39.666666666666664"
        />
        <path
          d="M0,3 A3,3 0 0,1 3,0 H36.666666666666664 A3,3 0 0,1 39.666666666666664,3 V180 A0,0 0 0,1 39.666666666666664,180 H0 A0,0 0 0,1 0,180 Z"
          fill="#FFC000"
          height="180"
          stroke="none"
          stroke-opacity="0"
          stroke-width="0"
          transform="translate(208.33333333333331,120)"
          width="39.666666666666664"
        />
        <path
          d="M0,3 A3,3 0 0,1 3,0 H36.666666666666664 A3,3 0 0,1 39.666666666666664,3 V30 A0,0 0 0,1 39.666666666666664,30 H0 A0,0 0 0,1 0,30 Z"
          fill="#7977C2"
          height="30"
          stroke="none"
          stroke-opacity="0"
          stroke-width="0"
          transform="translate(252,270)"
          width="39.666666666666664"
        />
        <path
          d="M0,3 A3,3 0 0,1 3,0 H36.666666666666664 A3,3 0 0,1 39.666666666666664,3 V60 A0,0 0 0,1 39.666666666666664,60 H0 A0,0 0 0,1 0,60 Z"
          fill="#7BBAE7"
          height="60"
          stroke="none"
          stroke-opacity="0"
          stroke-width="0"
          transform="translate(292.6666666666667,240)"
          width="39.666666666666664"
        />
        <path
          d="M0,3 A3,3 0 0,1 3,0 H36.666666666666664 A3,3 0 0,1 39.666666666666664,3 V180 A0,0 0 0,1 39.666666666666664,180 H0 A0,0 0 0,1 0,180 Z"
          fill="#FFC000"
          height="180"
          stroke="none"
          stroke-opacity="0"
          stroke-width="0"
          transform="translate(333.33333333333337,120)"
          width="39.666666666666664"
        />
        <path
          d="M0,3 A3,3 0 0,1 3,0 H36.666666666666664 A3,3 0 0,1 39.666666666666664,3 V30 A0,0 0 0,1 39.666666666666664,30 H0 A0,0 0 0,1 0,30 Z"
          fill="#7977C2"
          height="30"
          stroke="none"
          stroke-opacity="0"
          stroke-width="0"
          transform="translate(377,270)"
          width="39.666666666666664"
        />
        <path
          d="M0,3 A3,3 0 0,1 3,0 H36.666666666666664 A3,3 0 0,1 39.666666666666664,3 V60 A0,0 0 0,1 39.666666666666664,60 H0 A0,0 0 0,1 0,60 Z"
          fill="#7BBAE7"
          height="60"
          stroke="none"
          stroke-opacity="0"
          stroke-width="0"
          transform="translate(417.6666666666667,240)"
          width="39.666666666666664"
        />
        <path
          d="M0,3 A3,3 0 0,1 3,0 H36.666666666666664 A3,3 0 0,1 39.666666666666664,3 V180 A0,0 0 0,1 39.666666666666664,180 H0 A0,0 0 0,1 0,180 Z"
          fill="#FFC000"
          height="180"
          stroke="none"
          stroke-opacity="0"
          stroke-width="0"
          transform="translate(458.33333333333337,120)"
          width="39.666666666666664"
        />
        <g
          visibility="hidden"
        >
          <text
            fill="#333"
            font-size="11"
            font-weight="bold"
            opacity="undefined"
            text-anchor="middle"
          >
            
          </text>
          <circle
            fill="undefined"
            opacity="undefined"
            r="5"
            stroke="undefined"
            stroke-width="1"
          />
        </g>
      </g>
    </g>
    <g
      transform="translate(0.5,0.5)"
    />
  </svg>
</div>
`;
