// Jest Snapshot v1, https://goo.gl/fbAQLP

exports[`comparisonbar.js snapshot 1`] = `
<div
  style="position: relative; -webkit-user-select: none;"
  unselectable="on"
>
  <svg
    buffered-rendering="dynamic"
    height="400"
    style="font-family:arial,Tahoma,verdana,classic;background:#fff"
    width="600"
  >
    <g
      transform="translate(0.5,0.5)"
    >
      <defs>
        <clippath
          id="axis-clip-id-0"
        >
          <rect
            height="300"
            width="250"
            x="0"
            y="0"
          />
        </clippath>
        <clippath
          id="axis-clip-rect-id-0"
        >
          <rect
            height="300"
            width="250"
            x="0"
            y="0"
          />
        </clippath>
        <clippath
          id="axis-clip-id-0"
        >
          <rect
            height="300"
            width="250"
            x="250"
            y="0"
          />
        </clippath>
        <clippath
          id="axis-clip-rect-id-0"
        >
          <rect
            height="300"
            width="250"
            x="0"
            y="0"
          />
        </clippath>
      </defs>
      <rect
        fill="#fff"
        fill-opacity="0"
        height="300"
        rx="0"
        ry="0"
        stroke="#fff"
        stroke-width="0"
        transform="translate(50,50)"
        width="250"
        x="0"
        y="0"
      />
      <g
        class="grid-range"
        transform="translate(50,350)"
      >
        <g
          transform="translate(0,0)"
        >
          <line
            stroke="#bfbfbf"
            stroke-dasharray="none"
            stroke-opacity="1"
            stroke-width="1.5"
            x1="0"
            x2="0"
            y1="0"
            y2="3"
          />
          <text
            dy="3.6666666666666665"
            fill="#333"
            font-size="11"
            font-weight="normal"
            text-anchor="middle"
            x="0"
            y="13"
          >
            70
          </text>
        </g>
        <g
          transform="translate(25,0)"
        >
          <line
            stroke="#bfbfbf"
            stroke-dasharray="none"
            stroke-opacity="1"
            stroke-width="1.5"
            x1="0"
            x2="0"
            y1="0"
            y2="3"
          />
          <line
            stroke="#ebebeb"
            stroke-dasharray="none"
            stroke-opacity="1"
            stroke-width="1"
            x1="0"
            x2="0"
            y1="0"
            y2="-300"
          />
          <text
            dy="3.6666666666666665"
            fill="#333"
            font-size="11"
            font-weight="normal"
            text-anchor="middle"
            x="0"
            y="13"
          >
            63
          </text>
        </g>
        <g
          transform="translate(50,0)"
        >
          <line
            stroke="#bfbfbf"
            stroke-dasharray="none"
            stroke-opacity="1"
            stroke-width="1.5"
            x1="0"
            x2="0"
            y1="0"
            y2="3"
          />
          <line
            stroke="#ebebeb"
            stroke-dasharray="none"
            stroke-opacity="1"
            stroke-width="1"
            x1="0"
            x2="0"
            y1="0"
            y2="-300"
          />
          <text
            dy="3.6666666666666665"
            fill="#333"
            font-size="11"
            font-weight="normal"
            text-anchor="middle"
            x="0"
            y="13"
          >
            56
          </text>
        </g>
        <g
          transform="translate(75,0)"
        >
          <line
            stroke="#bfbfbf"
            stroke-dasharray="none"
            stroke-opacity="1"
            stroke-width="1.5"
            x1="0"
            x2="0"
            y1="0"
            y2="3"
          />
          <line
            stroke="#ebebeb"
            stroke-dasharray="none"
            stroke-opacity="1"
            stroke-width="1"
            x1="0"
            x2="0"
            y1="0"
            y2="-300"
          />
          <text
            dy="3.6666666666666665"
            fill="#333"
            font-size="11"
            font-weight="normal"
            text-anchor="middle"
            x="0"
            y="13"
          >
            49
          </text>
        </g>
        <g
          transform="translate(100,0)"
        >
          <line
            stroke="#bfbfbf"
            stroke-dasharray="none"
            stroke-opacity="1"
            stroke-width="1.5"
            x1="0"
            x2="0"
            y1="0"
            y2="3"
          />
          <line
            stroke="#ebebeb"
            stroke-dasharray="none"
            stroke-opacity="1"
            stroke-width="1"
            x1="0"
            x2="0"
            y1="0"
            y2="-300"
          />
          <text
            dy="3.6666666666666665"
            fill="#333"
            font-size="11"
            font-weight="normal"
            text-anchor="middle"
            x="0"
            y="13"
          >
            42
          </text>
        </g>
        <g
          transform="translate(125,0)"
        >
          <line
            stroke="#bfbfbf"
            stroke-dasharray="none"
            stroke-opacity="1"
            stroke-width="1.5"
            x1="0"
            x2="0"
            y1="0"
            y2="3"
          />
          <line
            stroke="#ebebeb"
            stroke-dasharray="none"
            stroke-opacity="1"
            stroke-width="1"
            x1="0"
            x2="0"
            y1="0"
            y2="-300"
          />
          <text
            dy="3.6666666666666665"
            fill="#333"
            font-size="11"
            font-weight="normal"
            text-anchor="middle"
            x="0"
            y="13"
          >
            35
          </text>
        </g>
        <g
          transform="translate(150,0)"
        >
          <line
            stroke="#bfbfbf"
            stroke-dasharray="none"
            stroke-opacity="1"
            stroke-width="1.5"
            x1="0"
            x2="0"
            y1="0"
            y2="3"
          />
          <line
            stroke="#ebebeb"
            stroke-dasharray="none"
            stroke-opacity="1"
            stroke-width="1"
            x1="0"
            x2="0"
            y1="0"
            y2="-300"
          />
          <text
            dy="3.6666666666666665"
            fill="#333"
            font-size="11"
            font-weight="normal"
            text-anchor="middle"
            x="0"
            y="13"
          >
            28
          </text>
        </g>
        <g
          transform="translate(175,0)"
        >
          <line
            stroke="#bfbfbf"
            stroke-dasharray="none"
            stroke-opacity="1"
            stroke-width="1.5"
            x1="0"
            x2="0"
            y1="0"
            y2="3"
          />
          <line
            stroke="#ebebeb"
            stroke-dasharray="none"
            stroke-opacity="1"
            stroke-width="1"
            x1="0"
            x2="0"
            y1="0"
            y2="-300"
          />
          <text
            dy="3.6666666666666665"
            fill="#333"
            font-size="11"
            font-weight="normal"
            text-anchor="middle"
            x="0"
            y="13"
          >
            21
          </text>
        </g>
        <g
          transform="translate(200,0)"
        >
          <line
            stroke="#bfbfbf"
            stroke-dasharray="none"
            stroke-opacity="1"
            stroke-width="1.5"
            x1="0"
            x2="0"
            y1="0"
            y2="3"
          />
          <line
            stroke="#ebebeb"
            stroke-dasharray="none"
            stroke-opacity="1"
            stroke-width="1"
            x1="0"
            x2="0"
            y1="0"
            y2="-300"
          />
          <text
            dy="3.6666666666666665"
            fill="#333"
            font-size="11"
            font-weight="normal"
            text-anchor="middle"
            x="0"
            y="13"
          >
            14
          </text>
        </g>
        <g
          transform="translate(225,0)"
        >
          <line
            stroke="#bfbfbf"
            stroke-dasharray="none"
            stroke-opacity="1"
            stroke-width="1.5"
            x1="0"
            x2="0"
            y1="0"
            y2="3"
          />
          <line
            stroke="#ebebeb"
            stroke-dasharray="none"
            stroke-opacity="1"
            stroke-width="1"
            x1="0"
            x2="0"
            y1="0"
            y2="-300"
          />
          <text
            dy="3.6666666666666665"
            fill="#333"
            font-size="11"
            font-weight="normal"
            text-anchor="middle"
            x="0"
            y="13"
          >
            7
          </text>
        </g>
        <g
          transform="translate(250,0)"
        >
          <line
            stroke="#bfbfbf"
            stroke-dasharray="none"
            stroke-opacity="1"
            stroke-width="1.5"
            x1="0"
            x2="0"
            y1="0"
            y2="3"
          />
          <line
            stroke="#ebebeb"
            stroke-dasharray="none"
            stroke-opacity="1"
            stroke-width="1"
            x1="0"
            x2="0"
            y1="0"
            y2="-300"
          />
          <text
            dy="3.6666666666666665"
            fill="#333"
            font-size="11"
            font-weight="normal"
            text-anchor="middle"
            x="0"
            y="13"
          >
            0
          </text>
        </g>
        <line
          stroke="#bfbfbf"
          stroke-opacity="1"
          stroke-width="2"
          x1="0"
          x2="250"
          y1="0"
          y2="0"
        />
      </g>
      <g
        transform="translate(50,50)"
      />
      <g
        class="grid-block"
        transform="translate(50,50)"
      >
        <g
          transform="translate(0,0)"
        >
          <line
            stroke="#bfbfbf"
            stroke-dasharray="none"
            stroke-opacity="1"
            stroke-width="1.5"
            x1="0"
            x2="-3"
            y1="0"
            y2="0"
          />
          <line
            stroke="#ebebeb"
            stroke-dasharray="none"
            stroke-opacity="1"
            stroke-width="1"
            x1="0"
            x2="250"
            y1="0"
            y2="0"
          />
          <text
            dy="3.6666666666666665"
            fill="#333"
            font-size="11"
            font-weight="normal"
            text-anchor="end"
            x="-8"
            y="8.823529411764707"
          >
            80+
          </text>
        </g>
        <g
          transform="translate(0,17.647058823529413)"
        >
          <line
            stroke="#bfbfbf"
            stroke-dasharray="none"
            stroke-opacity="1"
            stroke-width="1.5"
            x1="0"
            x2="-3"
            y1="0"
            y2="0"
          />
          <line
            stroke="#ebebeb"
            stroke-dasharray="none"
            stroke-opacity="1"
            stroke-width="1"
            x1="0"
            x2="250"
            y1="0"
            y2="0"
          />
          <text
            dy="3.6666666666666665"
            fill="#333"
            font-size="11"
            font-weight="normal"
            text-anchor="end"
            x="-8"
            y="8.823529411764707"
          >
            75-59
          </text>
        </g>
        <g
          transform="translate(0,35.294117647058826)"
        >
          <line
            stroke="#bfbfbf"
            stroke-dasharray="none"
            stroke-opacity="1"
            stroke-width="1.5"
            x1="0"
            x2="-3"
            y1="0"
            y2="0"
          />
          <line
            stroke="#ebebeb"
            stroke-dasharray="none"
            stroke-opacity="1"
            stroke-width="1"
            x1="0"
            x2="250"
            y1="0"
            y2="0"
          />
          <text
            dy="3.6666666666666665"
            fill="#333"
            font-size="11"
            font-weight="normal"
            text-anchor="end"
            x="-8"
            y="8.823529411764707"
          >
            70-74
          </text>
        </g>
        <g
          transform="translate(0,52.941176470588246)"
        >
          <line
            stroke="#bfbfbf"
            stroke-dasharray="none"
            stroke-opacity="1"
            stroke-width="1.5"
            x1="0"
            x2="-3"
            y1="0"
            y2="0"
          />
          <line
            stroke="#ebebeb"
            stroke-dasharray="none"
            stroke-opacity="1"
            stroke-width="1"
            x1="0"
            x2="250"
            y1="0"
            y2="0"
          />
          <text
            dy="3.6666666666666665"
            fill="#333"
            font-size="11"
            font-weight="normal"
            text-anchor="end"
            x="-8"
            y="8.823529411764707"
          >
            65-69
          </text>
        </g>
        <g
          transform="translate(0,70.58823529411765)"
        >
          <line
            stroke="#bfbfbf"
            stroke-dasharray="none"
            stroke-opacity="1"
            stroke-width="1.5"
            x1="0"
            x2="-3"
            y1="0"
            y2="0"
          />
          <line
            stroke="#ebebeb"
            stroke-dasharray="none"
            stroke-opacity="1"
            stroke-width="1"
            x1="0"
            x2="250"
            y1="0"
            y2="0"
          />
          <text
            dy="3.6666666666666665"
            fill="#333"
            font-size="11"
            font-weight="normal"
            text-anchor="end"
            x="-8"
            y="8.823529411764707"
          >
            60-64
          </text>
        </g>
        <g
          transform="translate(0,88.23529411764706)"
        >
          <line
            stroke="#bfbfbf"
            stroke-dasharray="none"
            stroke-opacity="1"
            stroke-width="1.5"
            x1="0"
            x2="-3"
            y1="0"
            y2="0"
          />
          <line
            stroke="#ebebeb"
            stroke-dasharray="none"
            stroke-opacity="1"
            stroke-width="1"
            x1="0"
            x2="250"
            y1="0"
            y2="0"
          />
          <text
            dy="3.6666666666666665"
            fill="#333"
            font-size="11"
            font-weight="normal"
            text-anchor="end"
            x="-8"
            y="8.823529411764707"
          >
            55-59
          </text>
        </g>
        <g
          transform="translate(0,105.88235294117648)"
        >
          <line
            stroke="#bfbfbf"
            stroke-dasharray="none"
            stroke-opacity="1"
            stroke-width="1.5"
            x1="0"
            x2="-3"
            y1="0"
            y2="0"
          />
          <line
            stroke="#ebebeb"
            stroke-dasharray="none"
            stroke-opacity="1"
            stroke-width="1"
            x1="0"
            x2="250"
            y1="0"
            y2="0"
          />
          <text
            dy="3.6666666666666665"
            fill="#333"
            font-size="11"
            font-weight="normal"
            text-anchor="end"
            x="-8"
            y="8.823529411764707"
          >
            50-54
          </text>
        </g>
        <g
          transform="translate(0,123.5294117647059)"
        >
          <line
            stroke="#bfbfbf"
            stroke-dasharray="none"
            stroke-opacity="1"
            stroke-width="1.5"
            x1="0"
            x2="-3"
            y1="0"
            y2="0"
          />
          <line
            stroke="#ebebeb"
            stroke-dasharray="none"
            stroke-opacity="1"
            stroke-width="1"
            x1="0"
            x2="250"
            y1="0"
            y2="0"
          />
          <text
            dy="3.6666666666666665"
            fill="#333"
            font-size="11"
            font-weight="normal"
            text-anchor="end"
            x="-8"
            y="8.823529411764707"
          >
            45-49
          </text>
        </g>
        <g
          transform="translate(0,141.17647058823533)"
        >
          <line
            stroke="#bfbfbf"
            stroke-dasharray="none"
            stroke-opacity="1"
            stroke-width="1.5"
            x1="0"
            x2="-3"
            y1="0"
            y2="0"
          />
          <line
            stroke="#ebebeb"
            stroke-dasharray="none"
            stroke-opacity="1"
            stroke-width="1"
            x1="0"
            x2="250"
            y1="0"
            y2="0"
          />
          <text
            dy="3.6666666666666665"
            fill="#333"
            font-size="11"
            font-weight="normal"
            text-anchor="end"
            x="-8"
            y="8.823529411764707"
          >
            40-44
          </text>
        </g>
        <g
          transform="translate(0,158.82352941176475)"
        >
          <line
            stroke="#bfbfbf"
            stroke-dasharray="none"
            stroke-opacity="1"
            stroke-width="1.5"
            x1="0"
            x2="-3"
            y1="0"
            y2="0"
          />
          <line
            stroke="#ebebeb"
            stroke-dasharray="none"
            stroke-opacity="1"
            stroke-width="1"
            x1="0"
            x2="250"
            y1="0"
            y2="0"
          />
          <text
            dy="3.6666666666666665"
            fill="#333"
            font-size="11"
            font-weight="normal"
            text-anchor="end"
            x="-8"
            y="8.823529411764707"
          >
            35-39
          </text>
        </g>
        <g
          transform="translate(0,176.47058823529417)"
        >
          <line
            stroke="#bfbfbf"
            stroke-dasharray="none"
            stroke-opacity="1"
            stroke-width="1.5"
            x1="0"
            x2="-3"
            y1="0"
            y2="0"
          />
          <line
            stroke="#ebebeb"
            stroke-dasharray="none"
            stroke-opacity="1"
            stroke-width="1"
            x1="0"
            x2="250"
            y1="0"
            y2="0"
          />
          <text
            dy="3.6666666666666665"
            fill="#333"
            font-size="11"
            font-weight="normal"
            text-anchor="end"
            x="-8"
            y="8.823529411764707"
          >
            30-34
          </text>
        </g>
        <g
          transform="translate(0,194.1176470588236)"
        >
          <line
            stroke="#bfbfbf"
            stroke-dasharray="none"
            stroke-opacity="1"
            stroke-width="1.5"
            x1="0"
            x2="-3"
            y1="0"
            y2="0"
          />
          <line
            stroke="#ebebeb"
            stroke-dasharray="none"
            stroke-opacity="1"
            stroke-width="1"
            x1="0"
            x2="250"
            y1="0"
            y2="0"
          />
          <text
            dy="3.6666666666666665"
            fill="#333"
            font-size="11"
            font-weight="normal"
            text-anchor="end"
            x="-8"
            y="8.823529411764707"
          >
            25-29
          </text>
        </g>
        <g
          transform="translate(0,211.764705882353)"
        >
          <line
            stroke="#bfbfbf"
            stroke-dasharray="none"
            stroke-opacity="1"
            stroke-width="1.5"
            x1="0"
            x2="-3"
            y1="0"
            y2="0"
          />
          <line
            stroke="#ebebeb"
            stroke-dasharray="none"
            stroke-opacity="1"
            stroke-width="1"
            x1="0"
            x2="250"
            y1="0"
            y2="0"
          />
          <text
            dy="3.6666666666666665"
            fill="#333"
            font-size="11"
            font-weight="normal"
            text-anchor="end"
            x="-8"
            y="8.823529411764707"
          >
            20-24
          </text>
        </g>
        <g
          transform="translate(0,229.41176470588243)"
        >
          <line
            stroke="#bfbfbf"
            stroke-dasharray="none"
            stroke-opacity="1"
            stroke-width="1.5"
            x1="0"
            x2="-3"
            y1="0"
            y2="0"
          />
          <line
            stroke="#ebebeb"
            stroke-dasharray="none"
            stroke-opacity="1"
            stroke-width="1"
            x1="0"
            x2="250"
            y1="0"
            y2="0"
          />
          <text
            dy="3.6666666666666665"
            fill="#333"
            font-size="11"
            font-weight="normal"
            text-anchor="end"
            x="-8"
            y="8.823529411764707"
          >
            15-19
          </text>
        </g>
        <g
          transform="translate(0,247.05882352941185)"
        >
          <line
            stroke="#bfbfbf"
            stroke-dasharray="none"
            stroke-opacity="1"
            stroke-width="1.5"
            x1="0"
            x2="-3"
            y1="0"
            y2="0"
          />
          <line
            stroke="#ebebeb"
            stroke-dasharray="none"
            stroke-opacity="1"
            stroke-width="1"
            x1="0"
            x2="250"
            y1="0"
            y2="0"
          />
          <text
            dy="3.6666666666666665"
            fill="#333"
            font-size="11"
            font-weight="normal"
            text-anchor="end"
            x="-8"
            y="8.823529411764707"
          >
            10-14
          </text>
        </g>
        <g
          transform="translate(0,264.7058823529413)"
        >
          <line
            stroke="#bfbfbf"
            stroke-dasharray="none"
            stroke-opacity="1"
            stroke-width="1.5"
            x1="0"
            x2="-3"
            y1="0"
            y2="0"
          />
          <line
            stroke="#ebebeb"
            stroke-dasharray="none"
            stroke-opacity="1"
            stroke-width="1"
            x1="0"
            x2="250"
            y1="0"
            y2="0"
          />
          <text
            dy="3.6666666666666665"
            fill="#333"
            font-size="11"
            font-weight="normal"
            text-anchor="end"
            x="-8"
            y="8.823529411764707"
          >
            5-9
          </text>
        </g>
        <g
          transform="translate(0,282.35294117647067)"
        >
          <line
            stroke="#bfbfbf"
            stroke-dasharray="none"
            stroke-opacity="1"
            stroke-width="1.5"
            x1="0"
            x2="-3"
            y1="0"
            y2="0"
          />
          <line
            stroke="#ebebeb"
            stroke-dasharray="none"
            stroke-opacity="1"
            stroke-width="1"
            x1="0"
            x2="250"
            y1="0"
            y2="0"
          />
          <text
            dy="3.6666666666666665"
            fill="#333"
            font-size="11"
            font-weight="normal"
            text-anchor="end"
            x="-8"
            y="8.823529411764707"
          >
            0-4
          </text>
        </g>
        <line
          stroke="#bfbfbf"
          stroke-opacity="1"
          stroke-width="2"
          x1="0"
          x2="0"
          y1="0"
          y2="300"
        />
        <g
          transform="translate(0,300)"
        >
          <line
            stroke="#bfbfbf"
            stroke-dasharray="none"
            stroke-opacity="1"
            stroke-width="1.5"
            x1="0"
            x2="-3"
            y1="0"
            y2="0"
          />
        </g>
      </g>
      <g
        transform="translate(50,50)"
      />
      <g
        class="grid-panel"
        display="none"
        transform="translate(50,50)"
      >
        <rect
          fill="transparent"
          height="300"
          stroke="transparent"
          width="250"
          x="0"
          y="0"
        />
      </g>
      <rect
        fill="#fff"
        fill-opacity="0"
        height="300"
        rx="0"
        ry="0"
        stroke="#fff"
        stroke-width="0"
        transform="translate(50,50)"
        width="250"
        x="250"
        y="0"
      />
      <g
        class="grid-range"
        transform="translate(50,350)"
      >
        <g
          transform="translate(250,0)"
        >
          <line
            stroke="#bfbfbf"
            stroke-dasharray="none"
            stroke-opacity="1"
            stroke-width="1.5"
            x1="0"
            x2="0"
            y1="0"
            y2="3"
          />
          <line
            stroke="#ebebeb"
            stroke-dasharray="none"
            stroke-opacity="1"
            stroke-width="1"
            x1="0"
            x2="0"
            y1="0"
            y2="-300"
          />
          <text
            dy="3.6666666666666665"
            fill="#333"
            font-size="11"
            font-weight="normal"
            text-anchor="middle"
            x="0"
            y="13"
          >
            0
          </text>
        </g>
        <g
          transform="translate(275,0)"
        >
          <line
            stroke="#bfbfbf"
            stroke-dasharray="none"
            stroke-opacity="1"
            stroke-width="1.5"
            x1="0"
            x2="0"
            y1="0"
            y2="3"
          />
          <line
            stroke="#ebebeb"
            stroke-dasharray="none"
            stroke-opacity="1"
            stroke-width="1"
            x1="0"
            x2="0"
            y1="0"
            y2="-300"
          />
          <text
            dy="3.6666666666666665"
            fill="#333"
            font-size="11"
            font-weight="normal"
            text-anchor="middle"
            x="0"
            y="13"
          >
            7
          </text>
        </g>
        <g
          transform="translate(300,0)"
        >
          <line
            stroke="#bfbfbf"
            stroke-dasharray="none"
            stroke-opacity="1"
            stroke-width="1.5"
            x1="0"
            x2="0"
            y1="0"
            y2="3"
          />
          <line
            stroke="#ebebeb"
            stroke-dasharray="none"
            stroke-opacity="1"
            stroke-width="1"
            x1="0"
            x2="0"
            y1="0"
            y2="-300"
          />
          <text
            dy="3.6666666666666665"
            fill="#333"
            font-size="11"
            font-weight="normal"
            text-anchor="middle"
            x="0"
            y="13"
          >
            14
          </text>
        </g>
        <g
          transform="translate(325,0)"
        >
          <line
            stroke="#bfbfbf"
            stroke-dasharray="none"
            stroke-opacity="1"
            stroke-width="1.5"
            x1="0"
            x2="0"
            y1="0"
            y2="3"
          />
          <line
            stroke="#ebebeb"
            stroke-dasharray="none"
            stroke-opacity="1"
            stroke-width="1"
            x1="0"
            x2="0"
            y1="0"
            y2="-300"
          />
          <text
            dy="3.6666666666666665"
            fill="#333"
            font-size="11"
            font-weight="normal"
            text-anchor="middle"
            x="0"
            y="13"
          >
            21
          </text>
        </g>
        <g
          transform="translate(350,0)"
        >
          <line
            stroke="#bfbfbf"
            stroke-dasharray="none"
            stroke-opacity="1"
            stroke-width="1.5"
            x1="0"
            x2="0"
            y1="0"
            y2="3"
          />
          <line
            stroke="#ebebeb"
            stroke-dasharray="none"
            stroke-opacity="1"
            stroke-width="1"
            x1="0"
            x2="0"
            y1="0"
            y2="-300"
          />
          <text
            dy="3.6666666666666665"
            fill="#333"
            font-size="11"
            font-weight="normal"
            text-anchor="middle"
            x="0"
            y="13"
          >
            28
          </text>
        </g>
        <g
          transform="translate(375,0)"
        >
          <line
            stroke="#bfbfbf"
            stroke-dasharray="none"
            stroke-opacity="1"
            stroke-width="1.5"
            x1="0"
            x2="0"
            y1="0"
            y2="3"
          />
          <line
            stroke="#ebebeb"
            stroke-dasharray="none"
            stroke-opacity="1"
            stroke-width="1"
            x1="0"
            x2="0"
            y1="0"
            y2="-300"
          />
          <text
            dy="3.6666666666666665"
            fill="#333"
            font-size="11"
            font-weight="normal"
            text-anchor="middle"
            x="0"
            y="13"
          >
            35
          </text>
        </g>
        <g
          transform="translate(400,0)"
        >
          <line
            stroke="#bfbfbf"
            stroke-dasharray="none"
            stroke-opacity="1"
            stroke-width="1.5"
            x1="0"
            x2="0"
            y1="0"
            y2="3"
          />
          <line
            stroke="#ebebeb"
            stroke-dasharray="none"
            stroke-opacity="1"
            stroke-width="1"
            x1="0"
            x2="0"
            y1="0"
            y2="-300"
          />
          <text
            dy="3.6666666666666665"
            fill="#333"
            font-size="11"
            font-weight="normal"
            text-anchor="middle"
            x="0"
            y="13"
          >
            42
          </text>
        </g>
        <g
          transform="translate(425,0)"
        >
          <line
            stroke="#bfbfbf"
            stroke-dasharray="none"
            stroke-opacity="1"
            stroke-width="1.5"
            x1="0"
            x2="0"
            y1="0"
            y2="3"
          />
          <line
            stroke="#ebebeb"
            stroke-dasharray="none"
            stroke-opacity="1"
            stroke-width="1"
            x1="0"
            x2="0"
            y1="0"
            y2="-300"
          />
          <text
            dy="3.6666666666666665"
            fill="#333"
            font-size="11"
            font-weight="normal"
            text-anchor="middle"
            x="0"
            y="13"
          >
            49
          </text>
        </g>
        <g
          transform="translate(450,0)"
        >
          <line
            stroke="#bfbfbf"
            stroke-dasharray="none"
            stroke-opacity="1"
            stroke-width="1.5"
            x1="0"
            x2="0"
            y1="0"
            y2="3"
          />
          <line
            stroke="#ebebeb"
            stroke-dasharray="none"
            stroke-opacity="1"
            stroke-width="1"
            x1="0"
            x2="0"
            y1="0"
            y2="-300"
          />
          <text
            dy="3.6666666666666665"
            fill="#333"
            font-size="11"
            font-weight="normal"
            text-anchor="middle"
            x="0"
            y="13"
          >
            56
          </text>
        </g>
        <g
          transform="translate(475,0)"
        >
          <line
            stroke="#bfbfbf"
            stroke-dasharray="none"
            stroke-opacity="1"
            stroke-width="1.5"
            x1="0"
            x2="0"
            y1="0"
            y2="3"
          />
          <line
            stroke="#ebebeb"
            stroke-dasharray="none"
            stroke-opacity="1"
            stroke-width="1"
            x1="0"
            x2="0"
            y1="0"
            y2="-300"
          />
          <text
            dy="3.6666666666666665"
            fill="#333"
            font-size="11"
            font-weight="normal"
            text-anchor="middle"
            x="0"
            y="13"
          >
            63
          </text>
        </g>
        <g
          transform="translate(500,0)"
        >
          <line
            stroke="#bfbfbf"
            stroke-dasharray="none"
            stroke-opacity="1"
            stroke-width="1.5"
            x1="0"
            x2="0"
            y1="0"
            y2="3"
          />
          <text
            dy="3.6666666666666665"
            fill="#333"
            font-size="11"
            font-weight="normal"
            text-anchor="middle"
            x="0"
            y="13"
          >
            70
          </text>
        </g>
        <line
          stroke="#bfbfbf"
          stroke-opacity="1"
          stroke-width="2"
          x1="250"
          x2="500"
          y1="0"
          y2="0"
        />
      </g>
      <g
        transform="translate(300,50)"
      />
      <g
        class="grid-block"
        transform="translate(550,50)"
      >
        <g
          transform="translate(0,0)"
        >
          <line
            stroke="#bfbfbf"
            stroke-dasharray="none"
            stroke-opacity="1"
            stroke-width="1.5"
            x1="0"
            x2="3"
            y1="0"
            y2="0"
          />
          <line
            stroke="#ebebeb"
            stroke-dasharray="none"
            stroke-opacity="1"
            stroke-width="1"
            x1="0"
            x2="-250"
            y1="0"
            y2="0"
          />
          <text
            dy="3.6666666666666665"
            fill="#333"
            font-size="11"
            font-weight="normal"
            text-anchor="start"
            x="8"
            y="8.823529411764707"
          >
            80+
          </text>
        </g>
        <g
          transform="translate(0,17.647058823529413)"
        >
          <line
            stroke="#bfbfbf"
            stroke-dasharray="none"
            stroke-opacity="1"
            stroke-width="1.5"
            x1="0"
            x2="3"
            y1="0"
            y2="0"
          />
          <line
            stroke="#ebebeb"
            stroke-dasharray="none"
            stroke-opacity="1"
            stroke-width="1"
            x1="0"
            x2="-250"
            y1="0"
            y2="0"
          />
          <text
            dy="3.6666666666666665"
            fill="#333"
            font-size="11"
            font-weight="normal"
            text-anchor="start"
            x="8"
            y="8.823529411764707"
          >
            75-59
          </text>
        </g>
        <g
          transform="translate(0,35.294117647058826)"
        >
          <line
            stroke="#bfbfbf"
            stroke-dasharray="none"
            stroke-opacity="1"
            stroke-width="1.5"
            x1="0"
            x2="3"
            y1="0"
            y2="0"
          />
          <line
            stroke="#ebebeb"
            stroke-dasharray="none"
            stroke-opacity="1"
            stroke-width="1"
            x1="0"
            x2="-250"
            y1="0"
            y2="0"
          />
          <text
            dy="3.6666666666666665"
            fill="#333"
            font-size="11"
            font-weight="normal"
            text-anchor="start"
            x="8"
            y="8.823529411764707"
          >
            70-74
          </text>
        </g>
        <g
          transform="translate(0,52.941176470588246)"
        >
          <line
            stroke="#bfbfbf"
            stroke-dasharray="none"
            stroke-opacity="1"
            stroke-width="1.5"
            x1="0"
            x2="3"
            y1="0"
            y2="0"
          />
          <line
            stroke="#ebebeb"
            stroke-dasharray="none"
            stroke-opacity="1"
            stroke-width="1"
            x1="0"
            x2="-250"
            y1="0"
            y2="0"
          />
          <text
            dy="3.6666666666666665"
            fill="#333"
            font-size="11"
            font-weight="normal"
            text-anchor="start"
            x="8"
            y="8.823529411764707"
          >
            65-69
          </text>
        </g>
        <g
          transform="translate(0,70.58823529411765)"
        >
          <line
            stroke="#bfbfbf"
            stroke-dasharray="none"
            stroke-opacity="1"
            stroke-width="1.5"
            x1="0"
            x2="3"
            y1="0"
            y2="0"
          />
          <line
            stroke="#ebebeb"
            stroke-dasharray="none"
            stroke-opacity="1"
            stroke-width="1"
            x1="0"
            x2="-250"
            y1="0"
            y2="0"
          />
          <text
            dy="3.6666666666666665"
            fill="#333"
            font-size="11"
            font-weight="normal"
            text-anchor="start"
            x="8"
            y="8.823529411764707"
          >
            60-64
          </text>
        </g>
        <g
          transform="translate(0,88.23529411764706)"
        >
          <line
            stroke="#bfbfbf"
            stroke-dasharray="none"
            stroke-opacity="1"
            stroke-width="1.5"
            x1="0"
            x2="3"
            y1="0"
            y2="0"
          />
          <line
            stroke="#ebebeb"
            stroke-dasharray="none"
            stroke-opacity="1"
            stroke-width="1"
            x1="0"
            x2="-250"
            y1="0"
            y2="0"
          />
          <text
            dy="3.6666666666666665"
            fill="#333"
            font-size="11"
            font-weight="normal"
            text-anchor="start"
            x="8"
            y="8.823529411764707"
          >
            55-59
          </text>
        </g>
        <g
          transform="translate(0,105.88235294117648)"
        >
          <line
            stroke="#bfbfbf"
            stroke-dasharray="none"
            stroke-opacity="1"
            stroke-width="1.5"
            x1="0"
            x2="3"
            y1="0"
            y2="0"
          />
          <line
            stroke="#ebebeb"
            stroke-dasharray="none"
            stroke-opacity="1"
            stroke-width="1"
            x1="0"
            x2="-250"
            y1="0"
            y2="0"
          />
          <text
            dy="3.6666666666666665"
            fill="#333"
            font-size="11"
            font-weight="normal"
            text-anchor="start"
            x="8"
            y="8.823529411764707"
          >
            50-54
          </text>
        </g>
        <g
          transform="translate(0,123.5294117647059)"
        >
          <line
            stroke="#bfbfbf"
            stroke-dasharray="none"
            stroke-opacity="1"
            stroke-width="1.5"
            x1="0"
            x2="3"
            y1="0"
            y2="0"
          />
          <line
            stroke="#ebebeb"
            stroke-dasharray="none"
            stroke-opacity="1"
            stroke-width="1"
            x1="0"
            x2="-250"
            y1="0"
            y2="0"
          />
          <text
            dy="3.6666666666666665"
            fill="#333"
            font-size="11"
            font-weight="normal"
            text-anchor="start"
            x="8"
            y="8.823529411764707"
          >
            45-49
          </text>
        </g>
        <g
          transform="translate(0,141.17647058823533)"
        >
          <line
            stroke="#bfbfbf"
            stroke-dasharray="none"
            stroke-opacity="1"
            stroke-width="1.5"
            x1="0"
            x2="3"
            y1="0"
            y2="0"
          />
          <line
            stroke="#ebebeb"
            stroke-dasharray="none"
            stroke-opacity="1"
            stroke-width="1"
            x1="0"
            x2="-250"
            y1="0"
            y2="0"
          />
          <text
            dy="3.6666666666666665"
            fill="#333"
            font-size="11"
            font-weight="normal"
            text-anchor="start"
            x="8"
            y="8.823529411764707"
          >
            40-44
          </text>
        </g>
        <g
          transform="translate(0,158.82352941176475)"
        >
          <line
            stroke="#bfbfbf"
            stroke-dasharray="none"
            stroke-opacity="1"
            stroke-width="1.5"
            x1="0"
            x2="3"
            y1="0"
            y2="0"
          />
          <line
            stroke="#ebebeb"
            stroke-dasharray="none"
            stroke-opacity="1"
            stroke-width="1"
            x1="0"
            x2="-250"
            y1="0"
            y2="0"
          />
          <text
            dy="3.6666666666666665"
            fill="#333"
            font-size="11"
            font-weight="normal"
            text-anchor="start"
            x="8"
            y="8.823529411764707"
          >
            35-39
          </text>
        </g>
        <g
          transform="translate(0,176.47058823529417)"
        >
          <line
            stroke="#bfbfbf"
            stroke-dasharray="none"
            stroke-opacity="1"
            stroke-width="1.5"
            x1="0"
            x2="3"
            y1="0"
            y2="0"
          />
          <line
            stroke="#ebebeb"
            stroke-dasharray="none"
            stroke-opacity="1"
            stroke-width="1"
            x1="0"
            x2="-250"
            y1="0"
            y2="0"
          />
          <text
            dy="3.6666666666666665"
            fill="#333"
            font-size="11"
            font-weight="normal"
            text-anchor="start"
            x="8"
            y="8.823529411764707"
          >
            30-34
          </text>
        </g>
        <g
          transform="translate(0,194.1176470588236)"
        >
          <line
            stroke="#bfbfbf"
            stroke-dasharray="none"
            stroke-opacity="1"
            stroke-width="1.5"
            x1="0"
            x2="3"
            y1="0"
            y2="0"
          />
          <line
            stroke="#ebebeb"
            stroke-dasharray="none"
            stroke-opacity="1"
            stroke-width="1"
            x1="0"
            x2="-250"
            y1="0"
            y2="0"
          />
          <text
            dy="3.6666666666666665"
            fill="#333"
            font-size="11"
            font-weight="normal"
            text-anchor="start"
            x="8"
            y="8.823529411764707"
          >
            25-29
          </text>
        </g>
        <g
          transform="translate(0,211.764705882353)"
        >
          <line
            stroke="#bfbfbf"
            stroke-dasharray="none"
            stroke-opacity="1"
            stroke-width="1.5"
            x1="0"
            x2="3"
            y1="0"
            y2="0"
          />
          <line
            stroke="#ebebeb"
            stroke-dasharray="none"
            stroke-opacity="1"
            stroke-width="1"
            x1="0"
            x2="-250"
            y1="0"
            y2="0"
          />
          <text
            dy="3.6666666666666665"
            fill="#333"
            font-size="11"
            font-weight="normal"
            text-anchor="start"
            x="8"
            y="8.823529411764707"
          >
            20-24
          </text>
        </g>
        <g
          transform="translate(0,229.41176470588243)"
        >
          <line
            stroke="#bfbfbf"
            stroke-dasharray="none"
            stroke-opacity="1"
            stroke-width="1.5"
            x1="0"
            x2="3"
            y1="0"
            y2="0"
          />
          <line
            stroke="#ebebeb"
            stroke-dasharray="none"
            stroke-opacity="1"
            stroke-width="1"
            x1="0"
            x2="-250"
            y1="0"
            y2="0"
          />
          <text
            dy="3.6666666666666665"
            fill="#333"
            font-size="11"
            font-weight="normal"
            text-anchor="start"
            x="8"
            y="8.823529411764707"
          >
            15-19
          </text>
        </g>
        <g
          transform="translate(0,247.05882352941185)"
        >
          <line
            stroke="#bfbfbf"
            stroke-dasharray="none"
            stroke-opacity="1"
            stroke-width="1.5"
            x1="0"
            x2="3"
            y1="0"
            y2="0"
          />
          <line
            stroke="#ebebeb"
            stroke-dasharray="none"
            stroke-opacity="1"
            stroke-width="1"
            x1="0"
            x2="-250"
            y1="0"
            y2="0"
          />
          <text
            dy="3.6666666666666665"
            fill="#333"
            font-size="11"
            font-weight="normal"
            text-anchor="start"
            x="8"
            y="8.823529411764707"
          >
            10-14
          </text>
        </g>
        <g
          transform="translate(0,264.7058823529413)"
        >
          <line
            stroke="#bfbfbf"
            stroke-dasharray="none"
            stroke-opacity="1"
            stroke-width="1.5"
            x1="0"
            x2="3"
            y1="0"
            y2="0"
          />
          <line
            stroke="#ebebeb"
            stroke-dasharray="none"
            stroke-opacity="1"
            stroke-width="1"
            x1="0"
            x2="-250"
            y1="0"
            y2="0"
          />
          <text
            dy="3.6666666666666665"
            fill="#333"
            font-size="11"
            font-weight="normal"
            text-anchor="start"
            x="8"
            y="8.823529411764707"
          >
            5-9
          </text>
        </g>
        <g
          transform="translate(0,282.35294117647067)"
        >
          <line
            stroke="#bfbfbf"
            stroke-dasharray="none"
            stroke-opacity="1"
            stroke-width="1.5"
            x1="0"
            x2="3"
            y1="0"
            y2="0"
          />
          <line
            stroke="#ebebeb"
            stroke-dasharray="none"
            stroke-opacity="1"
            stroke-width="1"
            x1="0"
            x2="-250"
            y1="0"
            y2="0"
          />
          <text
            dy="3.6666666666666665"
            fill="#333"
            font-size="11"
            font-weight="normal"
            text-anchor="start"
            x="8"
            y="8.823529411764707"
          >
            0-4
          </text>
        </g>
        <line
          stroke="#bfbfbf"
          stroke-opacity="1"
          stroke-width="2"
          x1="0"
          x2="0"
          y1="0"
          y2="300"
        />
        <g
          transform="translate(0,300)"
        >
          <line
            stroke="#bfbfbf"
            stroke-dasharray="none"
            stroke-opacity="1"
            stroke-width="1.5"
            x1="0"
            x2="3"
            y1="0"
            y2="0"
          />
        </g>
      </g>
      <g
        transform="translate(300,50)"
      />
      <g
        class="grid-panel"
        display="none"
        transform="translate(300,50)"
      >
        <rect
          fill="transparent"
          height="300"
          stroke="transparent"
          width="250"
          x="0"
          y="0"
        />
      </g>
      <g
        class="brush-bar"
        transform="translate(50,50)"
      >
        <path
          d="M0,3 A3,3 0 0,1 3,0 H21.428571428571445 A0,0 0 0,1 21.428571428571445,0 V13.647058823529413 A0,0 0 0,1 21.428571428571445,13.647058823529413 H3 A3,3 0 0,1 0,10.647058823529413 Z"
          fill="#7BBAE7"
          height="13.647058823529413"
          stroke="none"
          stroke-opacity="0"
          stroke-width="0"
          transform="translate(228.57142857142856,2)"
          width="21.428571428571445"
        />
        <path
          d="M0,3 A3,3 0 0,1 3,0 H16.785714285714306 A0,0 0 0,1 16.785714285714306,0 V13.647058823529413 A0,0 0 0,1 16.785714285714306,13.647058823529413 H3 A3,3 0 0,1 0,10.647058823529413 Z"
          fill="#7BBAE7"
          height="13.647058823529413"
          stroke="none"
          stroke-opacity="0"
          stroke-width="0"
          transform="translate(233.2142857142857,19.647058823529413)"
          width="16.785714285714306"
        />
        <path
          d="M0,3 A3,3 0 0,1 3,0 H34.28571428571428 A0,0 0 0,1 34.28571428571428,0 V13.647058823529413 A0,0 0 0,1 34.28571428571428,13.647058823529413 H3 A3,3 0 0,1 0,10.647058823529413 Z"
          fill="#7BBAE7"
          height="13.647058823529413"
          stroke="none"
          stroke-opacity="0"
          stroke-width="0"
          transform="translate(215.71428571428572,37.294117647058826)"
          width="34.28571428571428"
        />
        <path
          d="M0,3 A3,3 0 0,1 3,0 H48.571428571428584 A0,0 0 0,1 48.571428571428584,0 V13.647058823529413 A0,0 0 0,1 48.571428571428584,13.647058823529413 H3 A3,3 0 0,1 0,10.647058823529413 Z"
          fill="#7BBAE7"
          height="13.647058823529413"
          stroke="none"
          stroke-opacity="0"
          stroke-width="0"
          transform="translate(201.42857142857142,54.941176470588246)"
          width="48.571428571428584"
        />
        <path
          d="M0,3 A3,3 0 0,1 3,0 H67.85714285714286 A0,0 0 0,1 67.85714285714286,0 V13.647058823529413 A0,0 0 0,1 67.85714285714286,13.647058823529413 H3 A3,3 0 0,1 0,10.647058823529413 Z"
          fill="#7BBAE7"
          height="13.647058823529413"
          stroke="none"
          stroke-opacity="0"
          stroke-width="0"
          transform="translate(182.14285714285714,72.58823529411765)"
          width="67.85714285714286"
        />
        <path
          d="M0,3 A3,3 0 0,1 3,0 H70.35714285714286 A0,0 0 0,1 70.35714285714286,0 V13.647058823529413 A0,0 0 0,1 70.35714285714286,13.647058823529413 H3 A3,3 0 0,1 0,10.647058823529413 Z"
          fill="#7BBAE7"
          height="13.647058823529413"
          stroke="none"
          stroke-opacity="0"
          stroke-width="0"
          transform="translate(179.64285714285714,90.23529411764706)"
          width="70.35714285714286"
        />
        <path
          d="M0,3 A3,3 0 0,1 3,0 H82.85714285714289 A0,0 0 0,1 82.85714285714289,0 V13.647058823529413 A0,0 0 0,1 82.85714285714289,13.647058823529413 H3 A3,3 0 0,1 0,10.647058823529413 Z"
          fill="#7BBAE7"
          height="13.647058823529413"
          stroke="none"
          stroke-opacity="0"
          stroke-width="0"
          transform="translate(167.1428571428571,107.88235294117648)"
          width="82.85714285714289"
        />
        <path
          d="M0,3 A3,3 0 0,1 3,0 H107.85714285714286 A0,0 0 0,1 107.85714285714286,0 V13.647058823529413 A0,0 0 0,1 107.85714285714286,13.647058823529413 H3 A3,3 0 0,1 0,10.647058823529413 Z"
          fill="#7BBAE7"
          height="13.647058823529413"
          stroke="none"
          stroke-opacity="0"
          stroke-width="0"
          transform="translate(142.14285714285714,125.5294117647059)"
          width="107.85714285714286"
        />
        <path
          d="M0,3 A3,3 0 0,1 3,0 H124.64285714285714 A0,0 0 0,1 124.64285714285714,0 V13.647058823529413 A0,0 0 0,1 124.64285714285714,13.647058823529413 H3 A3,3 0 0,1 0,10.647058823529413 Z"
          fill="#7BBAE7"
          height="13.647058823529413"
          stroke="none"
          stroke-opacity="0"
          stroke-width="0"
          transform="translate(125.35714285714286,143.17647058823533)"
          width="124.64285714285714"
        />
        <path
          d="M0,3 A3,3 0 0,1 3,0 H150.71428571428572 A0,0 0 0,1 150.71428571428572,0 V13.647058823529413 A0,0 0 0,1 150.71428571428572,13.647058823529413 H3 A3,3 0 0,1 0,10.647058823529413 Z"
          fill="#7BBAE7"
          height="13.647058823529413"
          stroke="none"
          stroke-opacity="0"
          stroke-width="0"
          transform="translate(99.28571428571428,160.82352941176475)"
          width="150.71428571428572"
        />
        <path
          d="M0,3 A3,3 0 0,1 3,0 H156.78571428571428 A0,0 0 0,1 156.78571428571428,0 V13.647058823529413 A0,0 0 0,1 156.78571428571428,13.647058823529413 H3 A3,3 0 0,1 0,10.647058823529413 Z"
          fill="#7BBAE7"
          height="13.647058823529413"
          stroke="none"
          stroke-opacity="0"
          stroke-width="0"
          transform="translate(93.21428571428572,178.47058823529417)"
          width="156.78571428571428"
        />
        <path
          d="M0,3 A3,3 0 0,1 3,0 H178.92857142857144 A0,0 0 0,1 178.92857142857144,0 V13.647058823529413 A0,0 0 0,1 178.92857142857144,13.647058823529413 H3 A3,3 0 0,1 0,10.647058823529413 Z"
          fill="#7BBAE7"
          height="13.647058823529413"
          stroke="none"
          stroke-opacity="0"
          stroke-width="0"
          transform="translate(71.07142857142856,196.1176470588236)"
          width="178.92857142857144"
        />
        <path
          d="M0,3 A3,3 0 0,1 3,0 H192.14285714285714 A0,0 0 0,1 192.14285714285714,0 V13.647058823529413 A0,0 0 0,1 192.14285714285714,13.647058823529413 H3 A3,3 0 0,1 0,10.647058823529413 Z"
          fill="#7BBAE7"
          height="13.647058823529413"
          stroke="none"
          stroke-opacity="0"
          stroke-width="0"
          transform="translate(57.85714285714286,213.764705882353)"
          width="192.14285714285714"
        />
        <path
          d="M0,3 A3,3 0 0,1 3,0 H201.78571428571428 A0,0 0 0,1 201.78571428571428,0 V13.647058823529413 A0,0 0 0,1 201.78571428571428,13.647058823529413 H3 A3,3 0 0,1 0,10.647058823529413 Z"
          fill="#7BBAE7"
          height="13.647058823529413"
          stroke="none"
          stroke-opacity="0"
          stroke-width="0"
          transform="translate(48.21428571428572,231.41176470588243)"
          width="201.78571428571428"
        />
        <path
          d="M0,3 A3,3 0 0,1 3,0 H226.07142857142856 A0,0 0 0,1 226.07142857142856,0 V13.647058823529413 A0,0 0 0,1 226.07142857142856,13.647058823529413 H3 A3,3 0 0,1 0,10.647058823529413 Z"
          fill="#7BBAE7"
          height="13.647058823529413"
          stroke="none"
          stroke-opacity="0"
          stroke-width="0"
          transform="translate(23.928571428571445,249.05882352941185)"
          width="226.07142857142856"
        />
        <path
          d="M0,3 A3,3 0 0,1 3,0 H216.42857142857144 A0,0 0 0,1 216.42857142857144,0 V13.647058823529413 A0,0 0 0,1 216.42857142857144,13.647058823529413 H3 A3,3 0 0,1 0,10.647058823529413 Z"
          fill="#7BBAE7"
          height="13.647058823529413"
          stroke="none"
          stroke-opacity="0"
          stroke-width="0"
          transform="translate(33.571428571428555,266.7058823529413)"
          width="216.42857142857144"
        />
        <path
          d="M0,3 A3,3 0 0,1 3,0 H193.57142857142858 A0,0 0 0,1 193.57142857142858,0 V13.647058823529413 A0,0 0 0,1 193.57142857142858,13.647058823529413 H3 A3,3 0 0,1 0,10.647058823529413 Z"
          fill="#7BBAE7"
          height="13.647058823529413"
          stroke="none"
          stroke-opacity="0"
          stroke-width="0"
          transform="translate(56.428571428571416,284.35294117647067)"
          width="193.57142857142858"
        />
        <g
          visibility="hidden"
        >
          <text
            fill="#333"
            font-size="11"
            font-weight="bold"
            opacity="undefined"
            text-anchor="middle"
          >
            
          </text>
          <circle
            fill="undefined"
            opacity="undefined"
            r="5"
            stroke="undefined"
            stroke-width="1"
          />
        </g>
      </g>
      <g
        class="brush-bar"
        transform="translate(50,50)"
      >
        <path
          d="M0,0 A0,0 0 0,1 0,0 H15.928571428571445 A3,3 0 0,1 18.928571428571445,3 V10.647058823529413 A3,3 0 0,1 15.928571428571445,13.647058823529413 H0 A0,0 0 0,1 0,13.647058823529413 Z"
          fill="#FFC000"
          height="13.647058823529413"
          stroke="none"
          stroke-opacity="0"
          stroke-width="0"
          transform="translate(250,2)"
          width="18.928571428571445"
        />
        <path
          d="M0,0 A0,0 0 0,1 0,0 H13.071428571428555 A3,3 0 0,1 16.071428571428555,3 V10.647058823529413 A3,3 0 0,1 13.071428571428555,13.647058823529413 H0 A0,0 0 0,1 0,13.647058823529413 Z"
          fill="#FFC000"
          height="13.647058823529413"
          stroke="none"
          stroke-opacity="0"
          stroke-width="0"
          transform="translate(250,19.647058823529413)"
          width="16.071428571428555"
        />
        <path
          d="M0,0 A0,0 0 0,1 0,0 H31.64285714285711 A3,3 0 0,1 34.64285714285711,3 V10.647058823529413 A3,3 0 0,1 31.64285714285711,13.647058823529413 H0 A0,0 0 0,1 0,13.647058823529413 Z"
          fill="#FFC000"
          height="13.647058823529413"
          stroke="none"
          stroke-opacity="0"
          stroke-width="0"
          transform="translate(250,37.294117647058826)"
          width="34.64285714285711"
        />
        <path
          d="M0,0 A0,0 0 0,1 0,0 H43.071428571428555 A3,3 0 0,1 46.071428571428555,3 V10.647058823529413 A3,3 0 0,1 43.071428571428555,13.647058823529413 H0 A0,0 0 0,1 0,13.647058823529413 Z"
          fill="#FFC000"
          height="13.647058823529413"
          stroke="none"
          stroke-opacity="0"
          stroke-width="0"
          transform="translate(250,54.941176470588246)"
          width="46.071428571428555"
        />
        <path
          d="M0,0 A0,0 0 0,1 0,0 H63.78571428571428 A3,3 0 0,1 66.78571428571428,3 V10.647058823529413 A3,3 0 0,1 63.78571428571428,13.647058823529413 H0 A0,0 0 0,1 0,13.647058823529413 Z"
          fill="#FFC000"
          height="13.647058823529413"
          stroke="none"
          stroke-opacity="0"
          stroke-width="0"
          transform="translate(250,72.58823529411765)"
          width="66.78571428571428"
        />
        <path
          d="M0,0 A0,0 0 0,1 0,0 H66.64285714285711 A3,3 0 0,1 69.64285714285711,3 V10.647058823529413 A3,3 0 0,1 66.64285714285711,13.647058823529413 H0 A0,0 0 0,1 0,13.647058823529413 Z"
          fill="#FFC000"
          height="13.647058823529413"
          stroke="none"
          stroke-opacity="0"
          stroke-width="0"
          transform="translate(250,90.23529411764706)"
          width="69.64285714285711"
        />
        <path
          d="M0,0 A0,0 0 0,1 0,0 H89.14285714285717 A3,3 0 0,1 92.14285714285717,3 V10.647058823529413 A3,3 0 0,1 89.14285714285717,13.647058823529413 H0 A0,0 0 0,1 0,13.647058823529413 Z"
          fill="#FFC000"
          height="13.647058823529413"
          stroke="none"
          stroke-opacity="0"
          stroke-width="0"
          transform="translate(250,107.88235294117648)"
          width="92.14285714285717"
        />
        <path
          d="M0,0 A0,0 0 0,1 0,0 H111.64285714285711 A3,3 0 0,1 114.64285714285711,3 V10.647058823529413 A3,3 0 0,1 111.64285714285711,13.647058823529413 H0 A0,0 0 0,1 0,13.647058823529413 Z"
          fill="#FFC000"
          height="13.647058823529413"
          stroke="none"
          stroke-opacity="0"
          stroke-width="0"
          transform="translate(250,125.5294117647059)"
          width="114.64285714285711"
        />
        <path
          d="M0,0 A0,0 0 0,1 0,0 H130.92857142857144 A3,3 0 0,1 133.92857142857144,3 V10.647058823529413 A3,3 0 0,1 130.92857142857144,13.647058823529413 H0 A0,0 0 0,1 0,13.647058823529413 Z"
          fill="#FFC000"
          height="13.647058823529413"
          stroke="none"
          stroke-opacity="0"
          stroke-width="0"
          transform="translate(250,143.17647058823533)"
          width="133.92857142857144"
        />
        <path
          d="M0,0 A0,0 0 0,1 0,0 H150.21428571428572 A3,3 0 0,1 153.21428571428572,3 V10.647058823529413 A3,3 0 0,1 150.21428571428572,13.647058823529413 H0 A0,0 0 0,1 0,13.647058823529413 Z"
          fill="#FFC000"
          height="13.647058823529413"
          stroke="none"
          stroke-opacity="0"
          stroke-width="0"
          transform="translate(250,160.82352941176475)"
          width="153.21428571428572"
        />
        <path
          d="M0,0 A0,0 0 0,1 0,0 H156.6428571428571 A3,3 0 0,1 159.6428571428571,3 V10.647058823529413 A3,3 0 0,1 156.6428571428571,13.647058823529413 H0 A0,0 0 0,1 0,13.647058823529413 Z"
          fill="#FFC000"
          height="13.647058823529413"
          stroke="none"
          stroke-opacity="0"
          stroke-width="0"
          transform="translate(250,178.47058823529417)"
          width="159.6428571428571"
        />
        <path
          d="M0,0 A0,0 0 0,1 0,0 H180.21428571428567 A3,3 0 0,1 183.21428571428567,3 V10.647058823529413 A3,3 0 0,1 180.21428571428567,13.647058823529413 H0 A0,0 0 0,1 0,13.647058823529413 Z"
          fill="#FFC000"
          height="13.647058823529413"
          stroke="none"
          stroke-opacity="0"
          stroke-width="0"
          transform="translate(250,196.1176470588236)"
          width="183.21428571428567"
        />
        <path
          d="M0,0 A0,0 0 0,1 0,0 H202.71428571428572 A3,3 0 0,1 205.71428571428572,3 V10.647058823529413 A3,3 0 0,1 202.71428571428572,13.647058823529413 H0 A0,0 0 0,1 0,13.647058823529413 Z"
          fill="#FFC000"
          height="13.647058823529413"
          stroke="none"
          stroke-opacity="0"
          stroke-width="0"
          transform="translate(250,213.764705882353)"
          width="205.71428571428572"
        />
        <path
          d="M0,0 A0,0 0 0,1 0,0 H225.57142857142856 A3,3 0 0,1 228.57142857142856,3 V10.647058823529413 A3,3 0 0,1 225.57142857142856,13.647058823529413 H0 A0,0 0 0,1 0,13.647058823529413 Z"
          fill="#FFC000"
          height="13.647058823529413"
          stroke="none"
          stroke-opacity="0"
          stroke-width="0"
          transform="translate(250,231.41176470588243)"
          width="228.57142857142856"
        />
        <path
          d="M0,0 A0,0 0 0,1 0,0 H244.8571428571429 A3,3 0 0,1 247.8571428571429,3 V10.647058823529413 A3,3 0 0,1 244.8571428571429,13.647058823529413 H0 A0,0 0 0,1 0,13.647058823529413 Z"
          fill="#FFC000"
          height="13.647058823529413"
          stroke="none"
          stroke-opacity="0"
          stroke-width="0"
          transform="translate(250,249.05882352941185)"
          width="247.8571428571429"
        />
        <path
          d="M0,0 A0,0 0 0,1 0,0 H233.78571428571428 A3,3 0 0,1 236.78571428571428,3 V10.647058823529413 A3,3 0 0,1 233.78571428571428,13.647058823529413 H0 A0,0 0 0,1 0,13.647058823529413 Z"
          fill="#FFC000"
          height="13.647058823529413"
          stroke="none"
          stroke-opacity="0"
          stroke-width="0"
          transform="translate(250,266.7058823529413)"
          width="236.78571428571428"
        />
        <path
          d="M0,0 A0,0 0 0,1 0,0 H206.28571428571433 A3,3 0 0,1 209.28571428571433,3 V10.647058823529413 A3,3 0 0,1 206.28571428571433,13.647058823529413 H0 A0,0 0 0,1 0,13.647058823529413 Z"
          fill="#FFC000"
          height="13.647058823529413"
          stroke="none"
          stroke-opacity="0"
          stroke-width="0"
          transform="translate(250,284.35294117647067)"
          width="209.28571428571433"
        />
        <g
          visibility="hidden"
        >
          <text
            fill="#333"
            font-size="11"
            font-weight="bold"
            opacity="undefined"
            text-anchor="middle"
          >
            
          </text>
          <circle
            fill="undefined"
            opacity="undefined"
            r="5"
            stroke="undefined"
            stroke-width="1"
          />
        </g>
      </g>
    </g>
    <g
      transform="translate(0.5,0.5)"
    />
  </svg>
</div>
`;
